     7 
     7 
 3.142 
    11 
    15 
     1 
 1.050 
 1.050 
 1.050 
 1.050 
    11 
    11 
     2 
 3.142 
     1 
